// Jest Snapshot v1, https://goo.gl/fbAQLP

exports[`Event Component component successfully rendered 1`] = `
ShallowWrapper {
  "length": 1,
  Symbol(enzyme.__root__): [Circular],
  Symbol(enzyme.__unrendered__): <Event
    deleteEvent={[Function]}
    dispatch={[Function]}
    getAll={[Function]}
    history={
      Object {
        "push": [MockFunction] {
          "calls": Array [
            Array [
              "/centers",
            ],
          ],
        },
      }
    }
    location={Object {}}
    response={
      Object {
        "allStates": Object {},
        "centers": Object {},
        "newCenter": Object {},
      }
    }
    updateEvent={[MockFunction]}
  />,
  Symbol(enzyme.__renderer__): Object {
    "batchedUpdates": [Function],
    "getNode": [Function],
    "render": [Function],
    "simulateEvent": [Function],
    "unmount": [Function],
  },
  Symbol(enzyme.__node__): Object {
    "instance": null,
    "key": undefined,
    "nodeType": "host",
    "props": Object {
      "children": <div
        className="background"
      >
        <div
          className="my-container"
        >
          <div
            style={
              Object {
                "textAlign": "center",
              }
            }
          >
            <span
              style={
                Object {
                  "fontSize": "45px",
                }
              }
            >
              Events
            </span>
          </div>
          <Grid>
            <GridRow
              colunms={3}
            >
              <h2
                className="animated fadeInUp"
              >
                No Events Retrieved
              </h2>
            </GridRow>
          </Grid>
        </div>
        <Connect(EventFormModal)
          errors={Object {}}
          event={undefined}
          hideModal={[Function]}
          isRequestMade={false}
          onSubmit={[Function]}
          open={false}
        />
        <Prompt
          isRequestMade={false}
          message="Are you sure you want to delete this Event"
          onCancel={[Function]}
          onConfirm={[Function]}
          open={false}
          title="Delete Event"
        />
      </div>,
    },
    "ref": null,
    "rendered": Object {
      "instance": null,
      "key": undefined,
      "nodeType": "host",
      "props": Object {
        "children": Array [
          <div
            className="my-container"
          >
            <div
              style={
                Object {
                  "textAlign": "center",
                }
              }
            >
              <span
                style={
                  Object {
                    "fontSize": "45px",
                  }
                }
              >
                Events
              </span>
            </div>
            <Grid>
              <GridRow
                colunms={3}
              >
                <h2
                  className="animated fadeInUp"
                >
                  No Events Retrieved
                </h2>
              </GridRow>
            </Grid>
          </div>,
          <Connect(EventFormModal)
            errors={Object {}}
            event={undefined}
            hideModal={[Function]}
            isRequestMade={false}
            onSubmit={[Function]}
            open={false}
          />,
          <Prompt
            isRequestMade={false}
            message="Are you sure you want to delete this Event"
            onCancel={[Function]}
            onConfirm={[Function]}
            open={false}
            title="Delete Event"
          />,
        ],
        "className": "background",
      },
      "ref": null,
      "rendered": Array [
        Object {
          "instance": null,
          "key": undefined,
          "nodeType": "host",
          "props": Object {
            "children": Array [
              <div
                style={
                  Object {
                    "textAlign": "center",
                  }
                }
              >
                <span
                  style={
                    Object {
                      "fontSize": "45px",
                    }
                  }
                >
                  Events
                </span>
              </div>,
              <Grid>
                <GridRow
                  colunms={3}
                >
                  <h2
                    className="animated fadeInUp"
                  >
                    No Events Retrieved
                  </h2>
                </GridRow>
              </Grid>,
              false,
            ],
            "className": "my-container",
          },
          "ref": null,
          "rendered": Array [
            Object {
              "instance": null,
              "key": undefined,
              "nodeType": "host",
              "props": Object {
                "children": <span
                  style={
                    Object {
                      "fontSize": "45px",
                    }
                  }
                >
                  Events
                </span>,
                "style": Object {
                  "textAlign": "center",
                },
              },
              "ref": null,
              "rendered": Object {
                "instance": null,
                "key": undefined,
                "nodeType": "host",
                "props": Object {
                  "children": "Events",
                  "style": Object {
                    "fontSize": "45px",
                  },
                },
                "ref": null,
                "rendered": "Events",
                "type": "span",
              },
              "type": "div",
            },
            Object {
              "instance": null,
              "key": undefined,
              "nodeType": "function",
              "props": Object {
                "children": <GridRow
                  colunms={3}
                >
                  <h2
                    className="animated fadeInUp"
                  >
                    No Events Retrieved
                  </h2>
                </GridRow>,
              },
              "ref": null,
              "rendered": Object {
                "instance": null,
                "key": undefined,
                "nodeType": "function",
                "props": Object {
                  "children": Array [
                    false,
                    <h2
                      className="animated fadeInUp"
                    >
                      No Events Retrieved
                    </h2>,
                    Array [],
                  ],
                  "colunms": 3,
                },
                "ref": null,
                "rendered": Array [
                  false,
                  Object {
                    "instance": null,
                    "key": undefined,
                    "nodeType": "host",
                    "props": Object {
                      "children": "No Events Retrieved",
                      "className": "animated fadeInUp",
                    },
                    "ref": null,
                    "rendered": "No Events Retrieved",
                    "type": "h2",
                  },
                ],
                "type": [Function],
              },
              "type": [Function],
            },
            false,
          ],
          "type": "div",
        },
        Object {
          "instance": null,
          "key": undefined,
          "nodeType": "class",
          "props": Object {
            "errors": Object {},
            "event": undefined,
            "hideModal": [Function],
            "isRequestMade": false,
            "onSubmit": [Function],
            "open": false,
          },
          "ref": null,
          "rendered": null,
          "type": [Function],
        },
        Object {
          "instance": null,
          "key": undefined,
          "nodeType": "function",
          "props": Object {
            "isRequestMade": false,
            "message": "Are you sure you want to delete this Event",
            "onCancel": [Function],
            "onConfirm": [Function],
            "open": false,
            "title": "Delete Event",
          },
          "ref": null,
          "rendered": null,
          "type": [Function],
        },
      ],
      "type": "div",
    },
    "type": "div",
  },
  Symbol(enzyme.__nodes__): Array [
    Object {
      "instance": null,
      "key": undefined,
      "nodeType": "host",
      "props": Object {
        "children": <div
          className="background"
        >
          <div
            className="my-container"
          >
            <div
              style={
                Object {
                  "textAlign": "center",
                }
              }
            >
              <span
                style={
                  Object {
                    "fontSize": "45px",
                  }
                }
              >
                Events
              </span>
            </div>
            <Grid>
              <GridRow
                colunms={3}
              >
                <h2
                  className="animated fadeInUp"
                >
                  No Events Retrieved
                </h2>
              </GridRow>
            </Grid>
          </div>
          <Connect(EventFormModal)
            errors={Object {}}
            event={undefined}
            hideModal={[Function]}
            isRequestMade={false}
            onSubmit={[Function]}
            open={false}
          />
          <Prompt
            isRequestMade={false}
            message="Are you sure you want to delete this Event"
            onCancel={[Function]}
            onConfirm={[Function]}
            open={false}
            title="Delete Event"
          />
        </div>,
      },
      "ref": null,
      "rendered": Object {
        "instance": null,
        "key": undefined,
        "nodeType": "host",
        "props": Object {
          "children": Array [
            <div
              className="my-container"
            >
              <div
                style={
                  Object {
                    "textAlign": "center",
                  }
                }
              >
                <span
                  style={
                    Object {
                      "fontSize": "45px",
                    }
                  }
                >
                  Events
                </span>
              </div>
              <Grid>
                <GridRow
                  colunms={3}
                >
                  <h2
                    className="animated fadeInUp"
                  >
                    No Events Retrieved
                  </h2>
                </GridRow>
              </Grid>
            </div>,
            <Connect(EventFormModal)
              errors={Object {}}
              event={undefined}
              hideModal={[Function]}
              isRequestMade={false}
              onSubmit={[Function]}
              open={false}
            />,
            <Prompt
              isRequestMade={false}
              message="Are you sure you want to delete this Event"
              onCancel={[Function]}
              onConfirm={[Function]}
              open={false}
              title="Delete Event"
            />,
          ],
          "className": "background",
        },
        "ref": null,
        "rendered": Array [
          Object {
            "instance": null,
            "key": undefined,
            "nodeType": "host",
            "props": Object {
              "children": Array [
                <div
                  style={
                    Object {
                      "textAlign": "center",
                    }
                  }
                >
                  <span
                    style={
                      Object {
                        "fontSize": "45px",
                      }
                    }
                  >
                    Events
                  </span>
                </div>,
                <Grid>
                  <GridRow
                    colunms={3}
                  >
                    <h2
                      className="animated fadeInUp"
                    >
                      No Events Retrieved
                    </h2>
                  </GridRow>
                </Grid>,
                false,
              ],
              "className": "my-container",
            },
            "ref": null,
            "rendered": Array [
              Object {
                "instance": null,
                "key": undefined,
                "nodeType": "host",
                "props": Object {
                  "children": <span
                    style={
                      Object {
                        "fontSize": "45px",
                      }
                    }
                  >
                    Events
                  </span>,
                  "style": Object {
                    "textAlign": "center",
                  },
                },
                "ref": null,
                "rendered": Object {
                  "instance": null,
                  "key": undefined,
                  "nodeType": "host",
                  "props": Object {
                    "children": "Events",
                    "style": Object {
                      "fontSize": "45px",
                    },
                  },
                  "ref": null,
                  "rendered": "Events",
                  "type": "span",
                },
                "type": "div",
              },
              Object {
                "instance": null,
                "key": undefined,
                "nodeType": "function",
                "props": Object {
                  "children": <GridRow
                    colunms={3}
                  >
                    <h2
                      className="animated fadeInUp"
                    >
                      No Events Retrieved
                    </h2>
                  </GridRow>,
                },
                "ref": null,
                "rendered": Object {
                  "instance": null,
                  "key": undefined,
                  "nodeType": "function",
                  "props": Object {
                    "children": Array [
                      false,
                      <h2
                        className="animated fadeInUp"
                      >
                        No Events Retrieved
                      </h2>,
                      Array [],
                    ],
                    "colunms": 3,
                  },
                  "ref": null,
                  "rendered": Array [
                    false,
                    Object {
                      "instance": null,
                      "key": undefined,
                      "nodeType": "host",
                      "props": Object {
                        "children": "No Events Retrieved",
                        "className": "animated fadeInUp",
                      },
                      "ref": null,
                      "rendered": "No Events Retrieved",
                      "type": "h2",
                    },
                  ],
                  "type": [Function],
                },
                "type": [Function],
              },
              false,
            ],
            "type": "div",
          },
          Object {
            "instance": null,
            "key": undefined,
            "nodeType": "class",
            "props": Object {
              "errors": Object {},
              "event": undefined,
              "hideModal": [Function],
              "isRequestMade": false,
              "onSubmit": [Function],
              "open": false,
            },
            "ref": null,
            "rendered": null,
            "type": [Function],
          },
          Object {
            "instance": null,
            "key": undefined,
            "nodeType": "function",
            "props": Object {
              "isRequestMade": false,
              "message": "Are you sure you want to delete this Event",
              "onCancel": [Function],
              "onConfirm": [Function],
              "open": false,
              "title": "Delete Event",
            },
            "ref": null,
            "rendered": null,
            "type": [Function],
          },
        ],
        "type": "div",
      },
      "type": "div",
    },
  ],
  Symbol(enzyme.__options__): Object {
    "adapter": ReactSixteenAdapter {
      "options": Object {
        "enableComponentDidUpdateOnSetState": true,
      },
    },
  },
}
`;
