// Jest Snapshot v1, https://goo.gl/fbAQLP

exports[`Verified Component component successfully rendered 1`] = `
ShallowWrapper {
  "length": 1,
  Symbol(enzyme.__root__): [Circular],
  Symbol(enzyme.__unrendered__): <VerifyEmail />,
  Symbol(enzyme.__renderer__): Object {
    "batchedUpdates": [Function],
    "getNode": [Function],
    "render": [Function],
    "simulateEvent": [Function],
    "unmount": [Function],
  },
  Symbol(enzyme.__node__): Object {
    "instance": null,
    "key": undefined,
    "nodeType": "host",
    "props": Object {
      "children": <div
        className="home"
      >
        <div
          className="section section__hero"
          style={
            Object {
              "color": "white",
            }
          }
        >
          <div
            className="my-container"
            style={
              Object {
                "paddingTop": "8em",
              }
            }
          >
            <h2
              className="animated fadeInUp"
              id="message"
            >
              Registration Successful.
            </h2>
            <h3
              className="animated fadeInUp"
              style={
                Object {
                  "paddingBottom": "60px",
                }
              }
            >
              A verification link has been sent to your mail
            </h3>
          </div>
        </div>
      </div>,
      "id": "verify",
    },
    "ref": null,
    "rendered": Object {
      "instance": null,
      "key": undefined,
      "nodeType": "host",
      "props": Object {
        "children": <div
          className="section section__hero"
          style={
            Object {
              "color": "white",
            }
          }
        >
          <div
            className="my-container"
            style={
              Object {
                "paddingTop": "8em",
              }
            }
          >
            <h2
              className="animated fadeInUp"
              id="message"
            >
              Registration Successful.
            </h2>
            <h3
              className="animated fadeInUp"
              style={
                Object {
                  "paddingBottom": "60px",
                }
              }
            >
              A verification link has been sent to your mail
            </h3>
          </div>
        </div>,
        "className": "home",
      },
      "ref": null,
      "rendered": Object {
        "instance": null,
        "key": undefined,
        "nodeType": "host",
        "props": Object {
          "children": <div
            className="my-container"
            style={
              Object {
                "paddingTop": "8em",
              }
            }
          >
            <h2
              className="animated fadeInUp"
              id="message"
            >
              Registration Successful.
            </h2>
            <h3
              className="animated fadeInUp"
              style={
                Object {
                  "paddingBottom": "60px",
                }
              }
            >
              A verification link has been sent to your mail
            </h3>
          </div>,
          "className": "section section__hero",
          "style": Object {
            "color": "white",
          },
        },
        "ref": null,
        "rendered": Object {
          "instance": null,
          "key": undefined,
          "nodeType": "host",
          "props": Object {
            "children": Array [
              <h2
                className="animated fadeInUp"
                id="message"
              >
                Registration Successful.
              </h2>,
              <h3
                className="animated fadeInUp"
                style={
                  Object {
                    "paddingBottom": "60px",
                  }
                }
              >
                A verification link has been sent to your mail
              </h3>,
            ],
            "className": "my-container",
            "style": Object {
              "paddingTop": "8em",
            },
          },
          "ref": null,
          "rendered": Array [
            Object {
              "instance": null,
              "key": undefined,
              "nodeType": "host",
              "props": Object {
                "children": "Registration Successful.",
                "className": "animated fadeInUp",
                "id": "message",
              },
              "ref": null,
              "rendered": "Registration Successful.",
              "type": "h2",
            },
            Object {
              "instance": null,
              "key": undefined,
              "nodeType": "host",
              "props": Object {
                "children": "A verification link has been sent to your mail",
                "className": "animated fadeInUp",
                "style": Object {
                  "paddingBottom": "60px",
                },
              },
              "ref": null,
              "rendered": "A verification link has been sent to your mail",
              "type": "h3",
            },
          ],
          "type": "div",
        },
        "type": "div",
      },
      "type": "div",
    },
    "type": "div",
  },
  Symbol(enzyme.__nodes__): Array [
    Object {
      "instance": null,
      "key": undefined,
      "nodeType": "host",
      "props": Object {
        "children": <div
          className="home"
        >
          <div
            className="section section__hero"
            style={
              Object {
                "color": "white",
              }
            }
          >
            <div
              className="my-container"
              style={
                Object {
                  "paddingTop": "8em",
                }
              }
            >
              <h2
                className="animated fadeInUp"
                id="message"
              >
                Registration Successful.
              </h2>
              <h3
                className="animated fadeInUp"
                style={
                  Object {
                    "paddingBottom": "60px",
                  }
                }
              >
                A verification link has been sent to your mail
              </h3>
            </div>
          </div>
        </div>,
        "id": "verify",
      },
      "ref": null,
      "rendered": Object {
        "instance": null,
        "key": undefined,
        "nodeType": "host",
        "props": Object {
          "children": <div
            className="section section__hero"
            style={
              Object {
                "color": "white",
              }
            }
          >
            <div
              className="my-container"
              style={
                Object {
                  "paddingTop": "8em",
                }
              }
            >
              <h2
                className="animated fadeInUp"
                id="message"
              >
                Registration Successful.
              </h2>
              <h3
                className="animated fadeInUp"
                style={
                  Object {
                    "paddingBottom": "60px",
                  }
                }
              >
                A verification link has been sent to your mail
              </h3>
            </div>
          </div>,
          "className": "home",
        },
        "ref": null,
        "rendered": Object {
          "instance": null,
          "key": undefined,
          "nodeType": "host",
          "props": Object {
            "children": <div
              className="my-container"
              style={
                Object {
                  "paddingTop": "8em",
                }
              }
            >
              <h2
                className="animated fadeInUp"
                id="message"
              >
                Registration Successful.
              </h2>
              <h3
                className="animated fadeInUp"
                style={
                  Object {
                    "paddingBottom": "60px",
                  }
                }
              >
                A verification link has been sent to your mail
              </h3>
            </div>,
            "className": "section section__hero",
            "style": Object {
              "color": "white",
            },
          },
          "ref": null,
          "rendered": Object {
            "instance": null,
            "key": undefined,
            "nodeType": "host",
            "props": Object {
              "children": Array [
                <h2
                  className="animated fadeInUp"
                  id="message"
                >
                  Registration Successful.
                </h2>,
                <h3
                  className="animated fadeInUp"
                  style={
                    Object {
                      "paddingBottom": "60px",
                    }
                  }
                >
                  A verification link has been sent to your mail
                </h3>,
              ],
              "className": "my-container",
              "style": Object {
                "paddingTop": "8em",
              },
            },
            "ref": null,
            "rendered": Array [
              Object {
                "instance": null,
                "key": undefined,
                "nodeType": "host",
                "props": Object {
                  "children": "Registration Successful.",
                  "className": "animated fadeInUp",
                  "id": "message",
                },
                "ref": null,
                "rendered": "Registration Successful.",
                "type": "h2",
              },
              Object {
                "instance": null,
                "key": undefined,
                "nodeType": "host",
                "props": Object {
                  "children": "A verification link has been sent to your mail",
                  "className": "animated fadeInUp",
                  "style": Object {
                    "paddingBottom": "60px",
                  },
                },
                "ref": null,
                "rendered": "A verification link has been sent to your mail",
                "type": "h3",
              },
            ],
            "type": "div",
          },
          "type": "div",
        },
        "type": "div",
      },
      "type": "div",
    },
  ],
  Symbol(enzyme.__options__): Object {
    "adapter": ReactSixteenAdapter {
      "options": Object {
        "enableComponentDidUpdateOnSetState": true,
      },
    },
  },
}
`;
